// Jest Snapshot v1, https://goo.gl/fbAQLP

exports[`Unauthorized renders correctly 1`] = `"<span>Unauthorized</span>"`;
