// Jest Snapshot v1, https://goo.gl/fbAQLP

exports[`RobotImageIcon renders correctly 1`] = `
<svg>
  <ForwardRef
    colorManager={
      ColorManager {
        "_pathColorCache": Object {},
        "_robotColorCache": Object {},
        "conflictHighlight": "#f44336",
        "robotColor": [MockFunction],
        "robotColorFromCache": [MockFunction] {
          "calls": Array [
            Array [
              "testFleet",
              "",
            ],
          ],
          "results": Array [
            Object {
              "type": "return",
              "value": "black",
            },
          ],
        },
      }
    }
    dispatchIconError={[MockFunction]}
    fleetName="testFleet"
    footprint={1}
    iconPath="testIcon"
    robot={
      Object {
        "battery_percent": 100,
        "location": Object {
          "level_name": "",
          "t": Object {
            "nanosec": 0,
            "sec": 0,
          },
          "x": 0,
          "y": 0,
          "yaw": 0,
        },
        "mode": Object {
          "mode": 0,
        },
        "model": "BaseModel",
        "name": "",
        "path": Array [],
        "task_id": "",
      }
    }
  >
    <g>
      <defs>
        <Component
          id="RobotImageIcon-0-shadow"
        >
          <radialGradient
            id="RobotImageIcon-0-shadow"
          >
            <stop
              offset="0%"
              stopColor="#00000080"
            />
            <stop
              offset="70%"
              stopColor="#00000040"
            />
            <stop
              offset="90%"
              stopColor="#00000010"
            />
            <stop
              offset="100%"
              stopColor="#00000000"
            />
          </radialGradient>
        </Component>
        <Component
          id="RobotImageIcon-0-shadow-conflict"
        >
          <radialGradient
            id="RobotImageIcon-0-shadow-conflict"
          >
            <stop
              offset="0%"
              stopColor="#f4433680"
            />
            <stop
              offset="70%"
              stopColor="#f4433640"
            />
            <stop
              offset="90%"
              stopColor="#f4433610"
            />
            <stop
              offset="100%"
              stopColor="#f4433600"
            />
          </radialGradient>
        </Component>
      </defs>
      <circle
        fill="url(#RobotImageIcon-0-shadow)"
        id="shadow"
        r={1.3}
      />
      <Memo()
        dispatchIconError={[MockFunction]}
        footprint={1}
        height={2}
        iconPath="testIcon"
        width={2}
      >
        <g
          transform="translate(-1 -1)"
        >
          <image
            height={2}
            href="testIcon"
            onError={[Function]}
            width={2}
          />
        </g>
      </Memo()>
    </g>
  </ForwardRef>
</svg>
`;
