// Jest Snapshot v1, https://goo.gl/fbAQLP

exports[`renders well with the appropriate data 1`] = `
<Map
  attributionControl={false}
  className="makeStyles-map-1"
  crs={
    Object {
      "distance": [Function],
      "getProjectedBounds": [Function],
      "infinite": true,
      "latLngToPoint": [Function],
      "pointToLatLng": [Function],
      "project": [Function],
      "projection": Object {
        "bounds": Object {
          "max": Object {
            "x": 180,
            "y": 90,
          },
          "min": Object {
            "x": -180,
            "y": -90,
          },
        },
        "project": [Function],
        "unproject": [Function],
      },
      "scale": [Function],
      "transformation": Object {
        "_a": 1,
        "_b": 0,
        "_c": -1,
        "_d": 0,
      },
      "unproject": [Function],
      "wrapLatLng": [Function],
      "wrapLatLngBounds": [Function],
      "zoom": [Function],
    }
  }
  id="ScheduleVisualizer"
  maxZoom={8}
  minZoom={0}
  onbaselayerchange={[Function]}
  zoomDelta={0.5}
  zoomSnap={0.5}
>
  <ForwardRef(Leaflet(AttributionControl))
    position="bottomright"
    prefix="OSRC-SG"
  />
  <ForwardRef(Leaflet(LayersControl))
    position="topleft"
  >
    <Overlay
      checked={true}
      name="Robot Trajectories"
    />
    <Overlay
      checked={true}
      data-component="NegotiationTrajCheckbox"
      name="Negotiation Trajectories"
    />
    <Overlay
      checked={true}
      name="Doors"
    />
    <Overlay
      checked={true}
      name="Lifts"
    />
    <Overlay
      checked={true}
      name="Robots"
    />
    <Overlay
      checked={true}
      name="Waypoints"
    />
    <Overlay
      checked={true}
      name="Dispensers"
    />
  </ForwardRef(Leaflet(LayersControl))>
</Map>
`;
