// Jest Snapshot v1, https://goo.gl/fbAQLP

exports[`Robot Trajectory renders without crashing 1`] = `
<svg>
  <ForwardRef
    color="black"
    conflicts={Array []}
    footprint={0.5}
    trajectory={
      Object {
        "dimensions": 0.3,
        "fleet_name": "tinyRobot",
        "id": 1837,
        "map_name": "L1",
        "robot_name": "tinyRobot1",
        "segments": Array [
          Object {
            "t": 239324,
            "v": Array [
              -0.001401927254032181,
              0.21824042930153223,
              0,
            ],
            "x": Array [
              16.85562071895633,
              -6.849610535047465,
              -1.5643726408832297,
            ],
          },
          Object {
            "t": 239699,
            "v": Array [
              -0.003211820867103254,
              0.4999896841002998,
              0,
            ],
            "x": Array [
              16.85475408767907,
              -6.714700552056854,
              -1.5643726408832297,
            ],
          },
          Object {
            "t": 241987,
            "v": Array [
              -0.003211820867103254,
              0.4999896841002998,
              0,
            ],
            "x": Array [
              16.84740548179414,
              -5.57073042202407,
              -1.5643726408832297,
            ],
          },
          Object {
            "t": 242654,
            "v": Array [
              1.278274362638684e-15,
              -4.246603073437827e-15,
              0,
            ],
            "x": Array [
              16.84633487483844,
              -5.404067193990637,
              -1.5643726408832297,
            ],
          },
        ],
        "shape": "circle",
      }
    }
  >
    <path
      color="black"
      d="M 16.85562071895633 6.849610535047465 C 16.85561947279877 6.849416543554753 16.85475694263095 6.71514498733161 16.854754087679062 6.714700552056854 16.854753619756448 6.714627709736909 16.847405949716755 5.570803264344015 16.847405481794127 5.57073042202407 16.84740387668626 5.570480552116973 16.846334874838444 5.404067193990637 16.84633487483844 5.404067193990636 "
      data-component="RobotTrajectory"
      fill="none"
      id="robotTrajectoryPath"
      opacity={0.8}
      pathLength={1}
      stroke="#4caf50"
      strokeDasharray={2}
      strokeDashoffset={0}
      strokeLinecap="round"
      strokeWidth={0.5}
    />
  </ForwardRef>
</svg>
`;
