// Jest Snapshot v1, https://goo.gl/fbAQLP

exports[`RobotTrajectoriesOverlay renders without crashing 1`] = `
<Map>
  <div />
</Map>
`;
