// Jest Snapshot v1, https://goo.gl/fbAQLP

exports[`Login page renders correctly 1`] = `
<BrowserRouter>
  <Router
    history={
      Object {
        "action": "POP",
        "block": [Function],
        "createHref": [Function],
        "go": [Function],
        "goBack": [Function],
        "goForward": [Function],
        "length": 1,
        "listen": [Function],
        "location": Object {
          "hash": "",
          "pathname": "/",
          "search": "",
          "state": undefined,
        },
        "push": [Function],
        "replace": [Function],
      }
    }
  >
    <Login>
      <LoginPage
        logo="assets/ros-health.png"
        title="RoMi Dashboard"
      >
        <div
          className="makeStyles-container-1"
        >
          <ForwardRef
            logo="assets/ros-health.png"
            title="RoMi Dashboard"
          >
            <div
              className="makeStyles-container-2"
            >
              <WithStyles(ForwardRef(Typography))
                className="makeStyles-title-3"
                variant="h4"
              >
                <ForwardRef(Typography)
                  className="makeStyles-title-3"
                  classes={
                    Object {
                      "alignCenter": "MuiTypography-alignCenter",
                      "alignJustify": "MuiTypography-alignJustify",
                      "alignLeft": "MuiTypography-alignLeft",
                      "alignRight": "MuiTypography-alignRight",
                      "body1": "MuiTypography-body1",
                      "body2": "MuiTypography-body2",
                      "button": "MuiTypography-button",
                      "caption": "MuiTypography-caption",
                      "colorError": "MuiTypography-colorError",
                      "colorInherit": "MuiTypography-colorInherit",
                      "colorPrimary": "MuiTypography-colorPrimary",
                      "colorSecondary": "MuiTypography-colorSecondary",
                      "colorTextPrimary": "MuiTypography-colorTextPrimary",
                      "colorTextSecondary": "MuiTypography-colorTextSecondary",
                      "displayBlock": "MuiTypography-displayBlock",
                      "displayInline": "MuiTypography-displayInline",
                      "gutterBottom": "MuiTypography-gutterBottom",
                      "h1": "MuiTypography-h1",
                      "h2": "MuiTypography-h2",
                      "h3": "MuiTypography-h3",
                      "h4": "MuiTypography-h4",
                      "h5": "MuiTypography-h5",
                      "h6": "MuiTypography-h6",
                      "noWrap": "MuiTypography-noWrap",
                      "overline": "MuiTypography-overline",
                      "paragraph": "MuiTypography-paragraph",
                      "root": "MuiTypography-root",
                      "srOnly": "MuiTypography-srOnly",
                      "subtitle1": "MuiTypography-subtitle1",
                      "subtitle2": "MuiTypography-subtitle2",
                    }
                  }
                  variant="h4"
                >
                  <h4
                    className="MuiTypography-root makeStyles-title-3 MuiTypography-h4"
                  >
                    RoMi Dashboard
                  </h4>
                </ForwardRef(Typography)>
              </WithStyles(ForwardRef(Typography))>
              <img
                alt=""
                className="makeStyles-logo-4"
                src="assets/ros-health.png"
              />
              <WithStyles(ForwardRef(Button))
                id="login-button"
                onClick={[Function]}
                variant="contained"
              >
                <ForwardRef(Button)
                  classes={
                    Object {
                      "colorInherit": "MuiButton-colorInherit",
                      "contained": "MuiButton-contained",
                      "containedPrimary": "MuiButton-containedPrimary",
                      "containedSecondary": "MuiButton-containedSecondary",
                      "containedSizeLarge": "MuiButton-containedSizeLarge",
                      "containedSizeSmall": "MuiButton-containedSizeSmall",
                      "disableElevation": "MuiButton-disableElevation",
                      "disabled": "Mui-disabled",
                      "endIcon": "MuiButton-endIcon",
                      "focusVisible": "Mui-focusVisible",
                      "fullWidth": "MuiButton-fullWidth",
                      "iconSizeLarge": "MuiButton-iconSizeLarge",
                      "iconSizeMedium": "MuiButton-iconSizeMedium",
                      "iconSizeSmall": "MuiButton-iconSizeSmall",
                      "label": "MuiButton-label",
                      "outlined": "MuiButton-outlined",
                      "outlinedPrimary": "MuiButton-outlinedPrimary",
                      "outlinedSecondary": "MuiButton-outlinedSecondary",
                      "outlinedSizeLarge": "MuiButton-outlinedSizeLarge",
                      "outlinedSizeSmall": "MuiButton-outlinedSizeSmall",
                      "root": "MuiButton-root",
                      "sizeLarge": "MuiButton-sizeLarge",
                      "sizeSmall": "MuiButton-sizeSmall",
                      "startIcon": "MuiButton-startIcon",
                      "text": "MuiButton-text",
                      "textPrimary": "MuiButton-textPrimary",
                      "textSecondary": "MuiButton-textSecondary",
                      "textSizeLarge": "MuiButton-textSizeLarge",
                      "textSizeSmall": "MuiButton-textSizeSmall",
                    }
                  }
                  id="login-button"
                  onClick={[Function]}
                  variant="contained"
                >
                  <WithStyles(ForwardRef(ButtonBase))
                    className="MuiButton-root MuiButton-contained"
                    component="button"
                    disabled={false}
                    focusRipple={true}
                    focusVisibleClassName="Mui-focusVisible"
                    id="login-button"
                    onClick={[Function]}
                    type="button"
                  >
                    <ForwardRef(ButtonBase)
                      className="MuiButton-root MuiButton-contained"
                      classes={
                        Object {
                          "disabled": "Mui-disabled",
                          "focusVisible": "Mui-focusVisible",
                          "root": "MuiButtonBase-root",
                        }
                      }
                      component="button"
                      disabled={false}
                      focusRipple={true}
                      focusVisibleClassName="Mui-focusVisible"
                      id="login-button"
                      onClick={[Function]}
                      type="button"
                    >
                      <button
                        className="MuiButtonBase-root MuiButton-root MuiButton-contained"
                        disabled={false}
                        id="login-button"
                        onBlur={[Function]}
                        onClick={[Function]}
                        onDragLeave={[Function]}
                        onFocus={[Function]}
                        onKeyDown={[Function]}
                        onKeyUp={[Function]}
                        onMouseDown={[Function]}
                        onMouseLeave={[Function]}
                        onMouseUp={[Function]}
                        onTouchEnd={[Function]}
                        onTouchMove={[Function]}
                        onTouchStart={[Function]}
                        tabIndex={0}
                        type="button"
                      >
                        <span
                          className="MuiButton-label"
                        >
                          Login with RMF
                        </span>
                        <WithStyles(memo)
                          center={false}
                        >
                          <ForwardRef(TouchRipple)
                            center={false}
                            classes={
                              Object {
                                "child": "MuiTouchRipple-child",
                                "childLeaving": "MuiTouchRipple-childLeaving",
                                "childPulsate": "MuiTouchRipple-childPulsate",
                                "ripple": "MuiTouchRipple-ripple",
                                "ripplePulsate": "MuiTouchRipple-ripplePulsate",
                                "rippleVisible": "MuiTouchRipple-rippleVisible",
                                "root": "MuiTouchRipple-root",
                              }
                            }
                          >
                            <span
                              className="MuiTouchRipple-root"
                            >
                              <TransitionGroup
                                childFactory={[Function]}
                                component={null}
                                exit={true}
                              />
                            </span>
                          </ForwardRef(TouchRipple)>
                        </WithStyles(memo)>
                      </button>
                    </ForwardRef(ButtonBase)>
                  </WithStyles(ForwardRef(ButtonBase))>
                </ForwardRef(Button)>
              </WithStyles(ForwardRef(Button))>
            </div>
          </ForwardRef>
        </div>
      </LoginPage>
    </Login>
  </Router>
</BrowserRouter>
`;
