// Jest Snapshot v1, https://goo.gl/fbAQLP

exports[`Hotkeys Dialog Component renders correctly 1`] = `
<WithStyles(ForwardRef(Dialog))
  aria-labelledby="customized-dialog-title"
  fullWidth={true}
  maxWidth="sm"
  onClose={[Function]}
  open={true}
>
  <WithStyles(ForwardRef(DialogTitle))
    id="customized-dialog-title"
  >
    <div>
      <WithStyles(ForwardRef(Typography))
        variant="h6"
      >
        Hotkeys
      </WithStyles(ForwardRef(Typography))>
      <WithStyles(ForwardRef(IconButton))
        aria-label="close"
        className="makeStyles-closeButton-1"
        onClick={[Function]}
      >
        <CloseIcon />
      </WithStyles(ForwardRef(IconButton))>
    </div>
  </WithStyles(ForwardRef(DialogTitle))>
  <WithStyles(ForwardRef(DialogContent))
    className="makeStyles-dialogContent-2"
    dividers={true}
  >
    <div
      className="makeStyles-detail-5"
    >
      <div
        className="makeStyles-detailLine-4"
        detail-type="hotkeyDetail"
      >
        <WithStyles(ForwardRef(Typography))
          variant="body1"
        >
          Open Commands
          :
        </WithStyles(ForwardRef(Typography))>
        <WithStyles(ForwardRef(Typography))
          variant="body1"
        >
          shift+c
        </WithStyles(ForwardRef(Typography))>
      </div>
      <WithStyles(ForwardRef(Divider)) />
    </div>
  </WithStyles(ForwardRef(DialogContent))>
  <WithStyles(ForwardRef(DialogActions))
    className="makeStyles-dialogActions-3"
  >
    <WithStyles(ForwardRef(Button))
      autoFocus={true}
      color="primary"
      onClick={[Function]}
    >
      OK
    </WithStyles(ForwardRef(Button))>
  </WithStyles(ForwardRef(DialogActions))>
</WithStyles(ForwardRef(Dialog))>
`;
