// Jest Snapshot v1, https://goo.gl/fbAQLP

exports[`Settings Drawer should render correctly 1`] = `
<WithStyles(ForwardRef(Drawer))
  ModalProps={
    Object {
      "disableEnforceFocus": true,
    }
  }
  PaperProps={
    Object {
      "className": "makeStyles-drawer-1",
    }
  }
  anchor="right"
  open={true}
>
  <WithStyles(ForwardRef(Grid))
    alignItems="center"
    container={true}
  >
    <WithStyles(ForwardRef(Grid))
      className="makeStyles-heading-5"
      item={true}
    >
      <WithStyles(ForwardRef(Typography))
        variant="h6"
      >
        Settings
      </WithStyles(ForwardRef(Typography))>
    </WithStyles(ForwardRef(Grid))>
    <WithStyles(ForwardRef(Grid))
      item={true}
    >
      <WithStyles(ForwardRef(IconButton))
        aria-label="close-settings"
        className="makeStyles-button-6"
        id="closeDrawerButton"
        onClick={[Function]}
      >
        <CloseIcon />
      </WithStyles(ForwardRef(IconButton))>
    </WithStyles(ForwardRef(Grid))>
  </WithStyles(ForwardRef(Grid))>
  <WithStyles(ForwardRef(FormControl))
    component="fieldset"
  >
    <WithStyles(ForwardRef(FormLabel))
      className="makeStyles-legendLabel-2"
      component="legend"
    >
      Trajectory Animation
    </WithStyles(ForwardRef(FormLabel))>
    <WithStyles(ForwardRef(Divider)) />
    <ForwardRef(RadioGroup)
      className="makeStyles-trajGroup-3"
      onChange={[Function]}
      value={1}
    >
      <WithStyles(ForwardRef(FormControlLabel))
        className="makeStyles-flexBasis-4"
        control={<WithStyles(ForwardRef(Radio)) />}
        key="0"
        label="None"
        name="None"
        value={0}
      />
      <WithStyles(ForwardRef(FormControlLabel))
        className="makeStyles-flexBasis-4"
        control={<WithStyles(ForwardRef(Radio)) />}
        key="1"
        label="Follow"
        name="Follow"
        value={1}
      />
    </ForwardRef(RadioGroup)>
    <WithStyles(ForwardRef(Divider)) />
  </WithStyles(ForwardRef(FormControl))>
</WithStyles(ForwardRef(Drawer))>
`;
