// Jest Snapshot v1, https://goo.gl/fbAQLP

exports[`Dashboard Tour renders without crashing 1`] = `
<Tour
  accentColor="#3f51b5"
  badgeContent={[Function]}
  closeWithMask={false}
  disableFocusLock={false}
  disableInteraction={false}
  disableKeyboardNavigation={
    Array [
      "right",
      "left",
    ]
  }
  isOpen={true}
  maskSpace={10}
  onRequestClose={[Function]}
  rounded={5}
  scrollDuration={1}
  showButtons={false}
  showCloseButton={true}
  showNavigation={false}
  showNavigationNumber={false}
  showNumber={true}
  startAt={0}
  steps={
    Array [
      Object {
        "action": [Function],
        "content": [Function],
        "selector": "",
        "style": Object {
          "backgroundColor": "#3f51b5",
          "borderRadius": "5px",
          "color": "#fff",
        },
      },
      Object {
        "action": [Function],
        "content": [Function],
        "selector": "[class=\\"leaflet-control-zoom leaflet-bar leaflet-control\\"]",
        "style": Object {
          "backgroundColor": "#3f51b5",
          "borderRadius": "5px",
          "color": "#fff",
        },
      },
      Object {
        "action": [Function],
        "content": [Function],
        "selector": "[class= \\"leaflet-control-layers leaflet-control\\"]",
        "style": Object {
          "backgroundColor": "#3f51b5",
          "borderRadius": "5px",
          "color": "#fff",
        },
      },
      Object {
        "action": [Function],
        "content": [Function],
        "selector": "[class=\\"leaflet-image-layer leaflet-zoom-animated\\"]",
        "style": Object {
          "backgroundColor": "#3f51b5",
          "borderRadius": "5px",
          "color": "#fff",
        },
      },
      Object {
        "action": undefined,
        "content": [Function],
        "selector": "[id=\\"toggle-omnipanel-btn\\"]",
        "style": Object {
          "backgroundColor": "#3f51b5",
          "borderRadius": "5px",
          "color": "#fff",
        },
      },
      Object {
        "action": undefined,
        "content": [Function],
        "selector": "[data-component=\\"MainMenu\\"]",
        "style": Object {
          "backgroundColor": "#3f51b5",
          "borderRadius": "5px",
          "color": "#fff",
        },
      },
      Object {
        "action": undefined,
        "content": [Function],
        "selector": "[data-item=\\"Doors\\"]",
        "style": Object {
          "backgroundColor": "#3f51b5",
          "borderRadius": "5px",
          "color": "#fff",
        },
      },
      Object {
        "action": undefined,
        "content": [Function],
        "selector": "[data-name=\\"main_door\\"]",
        "style": Object {
          "backgroundColor": "#3f51b5",
          "borderRadius": "5px",
          "color": "#fff",
        },
      },
      Object {
        "action": undefined,
        "content": [Function],
        "selector": "[data-component=\\"LoopForm\\"]",
        "style": Object {
          "backgroundColor": "#3f51b5",
          "borderRadius": "5px",
          "color": "#fff",
        },
      },
      Object {
        "action": undefined,
        "content": [Function],
        "selector": ".MuiDrawer-paper",
        "style": Object {
          "backgroundColor": "#3f51b5",
          "borderRadius": "5px",
          "color": "#fff",
        },
      },
      Object {
        "action": undefined,
        "content": [Function],
        "selector": "[id=\\"show-help-btn\\"]",
        "style": Object {
          "backgroundColor": "#3f51b5",
          "borderRadius": "5px",
          "color": "#fff",
        },
      },
      Object {
        "action": undefined,
        "content": [Function],
        "selector": "[id=\\"help-drawer-options\\"]",
        "style": Object {
          "backgroundColor": "#3f51b5",
          "borderRadius": "5px",
          "color": "#fff",
        },
      },
    ]
  }
  update="0"
  updateDelay={1}
/>
`;
