// Jest Snapshot v1, https://goo.gl/fbAQLP

exports[`renders correctly 1`] = `
<div>
  <div
    style="width: 500px; height: 200px; border: 1px solid black; border-top-left-radius: 16px; border-top-right-radius: 16px;"
  >
    <div
      class="makeStyles-mainContainer-1"
    >
      <div
        class="MuiButtonGroup-root makeStyles-navigationButton-4 MuiButtonGroup-fullWidth"
        role="group"
      >
        <button
          class="MuiButtonBase-root MuiButton-root MuiButton-text MuiButtonGroup-grouped MuiButtonGroup-groupedHorizontal MuiButtonGroup-groupedText MuiButtonGroup-groupedTextHorizontal MuiButtonGroup-groupedText makeStyles-navigationButton-4 MuiButton-textSizeLarge MuiButton-sizeLarge MuiButton-fullWidth"
          id="back-button"
          tabindex="0"
          type="button"
        >
          <span
            class="MuiButton-label"
          >
            <svg
              aria-hidden="true"
              class="MuiSvgIcon-root"
              focusable="false"
              viewBox="0 0 24 24"
            >
              <path
                d="M21 11H6.83l3.58-3.59L9 6l-6 6 6 6 1.41-1.41L6.83 13H21z"
              />
            </svg>
          </span>
          <span
            class="MuiTouchRipple-root"
          />
        </button>
        <button
          class="MuiButtonBase-root MuiButton-root MuiButton-text MuiButtonGroup-grouped MuiButtonGroup-groupedHorizontal MuiButtonGroup-groupedText MuiButtonGroup-groupedTextHorizontal MuiButtonGroup-groupedText makeStyles-navigationButton-4 MuiButton-textSizeLarge MuiButton-sizeLarge MuiButton-fullWidth"
          id="home-button"
          tabindex="0"
          type="button"
        >
          <span
            class="MuiButton-label"
          >
            <svg
              aria-hidden="true"
              class="MuiSvgIcon-root"
              focusable="false"
              viewBox="0 0 24 24"
            >
              <path
                d="M10 20v-6h4v6h5v-8h3L12 3 2 12h3v8z"
              />
            </svg>
          </span>
          <span
            class="MuiTouchRipple-root"
          />
        </button>
      </div>
      <div
        class="makeStyles-viewContainer-2"
      >
        <div
          class="makeStyles-viewContainer2-3"
        >
          <button
            class="MuiButtonBase-root MuiButton-root MuiButton-outlined"
            tabindex="0"
            type="button"
          >
            <span
              class="MuiButton-label"
            >
              Panel A
            </span>
            <span
              class="MuiTouchRipple-root"
            />
          </button>
          <button
            class="MuiButtonBase-root MuiButton-root MuiButton-outlined"
            tabindex="0"
            type="button"
          >
            <span
              class="MuiButton-label"
            >
              Panel B
            </span>
            <span
              class="MuiTouchRipple-root"
            />
          </button>
          <button
            class="MuiButtonBase-root MuiButton-root MuiButton-outlined"
            tabindex="0"
            type="button"
          >
            <span
              class="MuiButton-label"
            >
              Panel C
            </span>
            <span
              class="MuiTouchRipple-root"
            />
          </button>
        </div>
        <div
          class="makeStyles-viewContainer2-3"
          style="visibility: hidden; webkit-transform: translateX(1024px) translateX(0px); transform: translateX(1024px) translateX(0px);"
        >
          <button
            class="MuiButtonBase-root MuiButton-root MuiButton-outlined"
            tabindex="0"
            type="button"
          >
            <span
              class="MuiButton-label"
            >
              Back
            </span>
            <span
              class="MuiTouchRipple-root"
            />
          </button>
        </div>
        <div
          class="makeStyles-viewContainer2-3"
          style="visibility: hidden; webkit-transform: translateX(1024px) translateX(0px); transform: translateX(1024px) translateX(0px);"
        >
          <button
            class="MuiButtonBase-root MuiButton-root MuiButton-outlined"
            tabindex="0"
            type="button"
          >
            <span
              class="MuiButton-label"
            >
              Back
            </span>
            <span
              class="MuiTouchRipple-root"
            />
          </button>
        </div>
        <div
          class="makeStyles-viewContainer2-3"
          style="visibility: hidden; webkit-transform: translateX(1024px) translateX(0px); transform: translateX(1024px) translateX(0px);"
        >
          <button
            class="MuiButtonBase-root MuiButton-root MuiButton-outlined"
            tabindex="0"
            type="button"
          >
            <span
              class="MuiButton-label"
            >
              Back
            </span>
            <span
              class="MuiTouchRipple-root"
            />
          </button>
        </div>
      </div>
    </div>
  </div>
</div>
`;
