// Jest Snapshot v1, https://goo.gl/fbAQLP

exports[`AppBar renders correctly 1`] = `
<WithStyles(ForwardRef(AppBar))
  id="appbar"
  position="static"
>
  <WithStyles(ForwardRef(Toolbar))>
    <WithStyles(ForwardRef(Typography))
      className="makeStyles-toolbarTitle-1"
      variant="h6"
    >
      Dashboard
    </WithStyles(ForwardRef(Typography))>
    <DashboardTooltip
      enabled={true}
      id="omnipanel-tooltip"
      title="View all available panel options"
    >
      <WithStyles(ForwardRef(IconButton))
        color="inherit"
        id="toggle-omnipanel-btn"
        onClick={[Function]}
      >
        <DashboardIcon />
      </WithStyles(ForwardRef(IconButton))>
    </DashboardTooltip>
    <DashboardTooltip
      enabled={true}
      id="setting-tooltip"
      title="Define dashboard trajectory settings"
    >
      <WithStyles(ForwardRef(IconButton))
        color="inherit"
        id="show-settings-btn"
        onClick={[Function]}
      >
        <SettingsIcon />
      </WithStyles(ForwardRef(IconButton))>
    </DashboardTooltip>
    <DashboardTooltip
      enabled={true}
      id="help-tooltip"
      title="Help tools and resources"
    >
      <WithStyles(ForwardRef(IconButton))
        color="inherit"
        id="show-help-btn"
        onClick={[Function]}
      >
        <HelpIcon />
      </WithStyles(ForwardRef(IconButton))>
    </DashboardTooltip>
  </WithStyles(ForwardRef(Toolbar))>
</WithStyles(ForwardRef(AppBar))>
`;
