// Jest Snapshot v1, https://goo.gl/fbAQLP

exports[`Emergency alarm behavior Alarm renders correctly when is activated 1`] = `
<Fragment>
  <WithStyles(ForwardRef(IconButton))
    color="secondary"
    id="alarm-btn"
  >
    <NotificationsActiveIcon />
  </WithStyles(ForwardRef(IconButton))>
</Fragment>
`;
