// Jest Snapshot v1, https://goo.gl/fbAQLP

exports[`Renders correctly Matches snapshot 1`] = `
<WithStyles(ForwardRef(Typography))
  component="span"
  variant="body1"
>
  <div
    className="makeStyles-buttonGroupDiv-11"
  >
    <TreeButtonGroup
      disableClear={false}
      disableReset={false}
      disableRestore={false}
      handleClearClick={[Function]}
      handleResetClick={[Function]}
      handleRestoreClick={[Function]}
    />
  </div>
  <WithStyles(ForwardRef(TreeView))
    className="makeStyles-root-1"
    defaultCollapseIcon={<UNDEFINED />}
    defaultExpandIcon={<UNDEFINED />}
    defaultExpanded={
      Array [
        "root",
      ]
    }
    expanded={Array []}
    onNodeSelect={[Function]}
    onNodeToggle={[Function]}
    selected=""
  />
</WithStyles(ForwardRef(Typography))>
`;
