// Jest Snapshot v1, https://goo.gl/fbAQLP

exports[`Dashboard Tooltip renders without crashing 1`] = `
<div>
  <WithStyles(ForwardRef(Tooltip))
    arrow={true}
    className="makeStyles-tooltipWidth-1"
    data-testid="tooltip"
    id="test-tooltip"
    title="test"
  >
    <WithStyles(ForwardRef(Typography))
      variant="h5"
    >
      Tooltip is enabled
    </WithStyles(ForwardRef(Typography))>
  </WithStyles(ForwardRef(Tooltip))>
</div>
`;
