// Jest Snapshot v1, https://goo.gl/fbAQLP

exports[`Matches snapshot 1`] = `
<div>
  <WithStyles(ForwardRef(ButtonGroup))
    fullWidth={true}
  >
    <WithStyles(ForwardRef(Button))
      id="reset-button"
      onClick={[Function]}
    >
      <RestoreIcon />
      Reset
    </WithStyles(ForwardRef(Button))>
    <WithStyles(ForwardRef(Button))
      id="clear-button"
      onClick={[Function]}
    >
      <ClearAllIcon />
      Clear
    </WithStyles(ForwardRef(Button))>
    <WithStyles(ForwardRef(Button))
      id="restore-button"
      onClick={[Function]}
    >
      <RestoreFromTrashIcon />
      Restore
    </WithStyles(ForwardRef(Button))>
  </WithStyles(ForwardRef(ButtonGroup))>
</div>
`;
