// Jest Snapshot v1, https://goo.gl/fbAQLP

exports[`Login page renders correctly 1`] = `"<div class=\\"makeStyles-flexColumnContainer-1 makeStyles-fullPage-2\\"><div class=\\"makeStyles-flexColumnContainer-1 makeStyles-authContainer-3\\"><h4 class=\\"MuiTypography-root makeStyles-authTitle-4 MuiTypography-h4\\">RoMi Dashboard</h4><img src=\\"assets/ros-health.png\\" alt=\\"\\" class=\\"makeStyles-logo-8\\"><button class=\\"MuiButtonBase-root MuiButton-root MuiButton-contained\\" tabindex=\\"0\\" type=\\"button\\" id=\\"login-button\\"><span class=\\"MuiButton-label\\">Login with RMF</span><span class=\\"MuiTouchRipple-root\\"></span></button></div></div>"`;
