// Jest Snapshot v1, https://goo.gl/fbAQLP

exports[`PrivateRoute renders correctly 1`] = `""`;
